
Open3DALIGN version 2.28
Copyright (C) 2010-2014 Paolo Tosco, Thomas Balle
Licensed under the terms of GPLv3
Report bugs to <paolo.tosco@unito.it>


System information
------------------
Hostname: pcPharm004.pharm.unito.it
x86_64 Linux 2.6.32-358.6.2.el6.x86_64 #1 SMP Thu May 16 11:21:38 CDT 2013
This machine has 32 CPUs.

The number of CPUs used by Open3DALIGN has been set to 16.

The nice value has been set to 20.

The directory for temporary storage is:
/tmp

The current working directory is:
/home/ptosco/open3dalign_validation_suite_2014

OpenBabel binaries are in:
/home/ptosco/open3dtools/bin
The path to OpenBabel binaries can be changed through the O3_BABEL_PATH environment variable or by the "env babel_path" keyword.

TINKER binaries are in:
/home/ptosco/open3dtools/bin
The path to TINKER binaries can be changed through the O3_TINKER_PATH environment variable or by the "env tinker_path" keyword.

The PHARAO binary is:
/home/ptosco/open3dtools/bin/align-it
The path to PHARAO can be changed through the O3_PHARAO environment variable or by the "env pharao" keyword.

PyMOL will not be used.
The path to PyMOL can be set through the O3_PYMOL environment variable or by the "env pymol" keyword.

Job started on Wed Jun 25 12:15:32 2014

BGN COMMAND #00.0001 - IMPORT SDF tool was invoked as follows:
> import type=sdf file=thr/thr_3dqsar_canonical.sdf


Elapsed time: 0.0113 seconds.


Number of fields:      0

Number of objects:   88

Number of Y variables:   0

-----------------------------------------------------------------------------------
                                                                                   
    N   ID  Str    Object name                         Attribute             Weight
-----------------------------------------------------------------------------------
    1    1    1    02                                  TRAINING SET          1.0000
    2    2    2    03                                  TRAINING SET          1.0000
    3    3    3    04                                  TRAINING SET          1.0000
    4    4    4    06                                  TRAINING SET          1.0000
    5    5    5    08                                  TRAINING SET          1.0000
    6    6    6    09                                  TRAINING SET          1.0000
    7    7    7    12                                  TRAINING SET          1.0000
    8    8    8    13                                  TRAINING SET          1.0000
    9    9    9    15                                  TRAINING SET          1.0000
   10   10   10    17                                  TRAINING SET          1.0000
   11   11   11    18                                  TRAINING SET          1.0000
   12   12   12    19                                  TRAINING SET          1.0000
   13   13   13    22                                  TRAINING SET          1.0000
   14   14   14    23                                  TRAINING SET          1.0000
   15   15   15    24                                  TRAINING SET          1.0000
   16   16   16    25                                  TRAINING SET          1.0000
   17   17   17    26                                  TRAINING SET          1.0000
   18   18   18    27                                  TRAINING SET          1.0000
   19   19   19    28                                  TRAINING SET          1.0000
   20   20   20    32                                  TRAINING SET          1.0000
   21   21   21    33                                  TRAINING SET          1.0000
   22   22   22    34                                  TRAINING SET          1.0000
   23   23   23    36                                  TRAINING SET          1.0000
   24   24   24    37                                  TRAINING SET          1.0000
   25   25   25    38                                  TRAINING SET          1.0000
   26   26   26    40                                  TRAINING SET          1.0000
   27   27   27    41                                  TRAINING SET          1.0000
   28   28   28    42                                  TRAINING SET          1.0000
   29   29   29    43                                  TRAINING SET          1.0000
   30   30   30    45                                  TRAINING SET          1.0000
   31   31   31    47                                  TRAINING SET          1.0000
   32   32   32    48                                  TRAINING SET          1.0000
   33   33   33    50                                  TRAINING SET          1.0000
   34   34   34    52                                  TRAINING SET          1.0000
   35   35   35    53                                  TRAINING SET          1.0000
   36   36   36    55                                  TRAINING SET          1.0000
   37   37   37    57                                  TRAINING SET          1.0000
   38   38   38    59                                  TRAINING SET          1.0000
   39   39   39    60                                  TRAINING SET          1.0000
   40   40   40    62                                  TRAINING SET          1.0000
   41   41   41    63                                  TRAINING SET          1.0000
   42   42   42    64                                  TRAINING SET          1.0000
   43   43   43    66                                  TRAINING SET          1.0000
   44   44   44    68                                  TRAINING SET          1.0000
   45   45   45    69                                  TRAINING SET          1.0000
   46   46   46    73                                  TRAINING SET          1.0000
   47   47   47    74                                  TRAINING SET          1.0000
   48   48   48    75                                  TRAINING SET          1.0000
   49   49   49    76                                  TRAINING SET          1.0000
   50   50   50    77                                  TRAINING SET          1.0000
   51   51   51    78                                  TRAINING SET          1.0000
   52   52   52    79                                  TRAINING SET          1.0000
   53   53   53    80                                  TRAINING SET          1.0000
   54   54   54    83                                  TRAINING SET          1.0000
   55   55   55    84                                  TRAINING SET          1.0000
   56   56   56    85                                  TRAINING SET          1.0000
   57   57   57    86                                  TRAINING SET          1.0000
   58   58   58    87                                  TRAINING SET          1.0000
   59   59   59    88                                  TRAINING SET          1.0000
   60   60   60    01                                  TRAINING SET          1.0000
   61   61   61    05                                  TRAINING SET          1.0000
   62   62   62    07                                  TRAINING SET          1.0000
   63   63   63    10                                  TRAINING SET          1.0000
   64   64   64    11                                  TRAINING SET          1.0000
   65   65   65    14                                  TRAINING SET          1.0000
   66   66   66    16                                  TRAINING SET          1.0000
   67   67   67    20                                  TRAINING SET          1.0000
   68   68   68    21                                  TRAINING SET          1.0000
   69   69   69    29                                  TRAINING SET          1.0000
   70   70   70    30                                  TRAINING SET          1.0000
   71   71   71    31                                  TRAINING SET          1.0000
   72   72   72    35                                  TRAINING SET          1.0000
   73   73   73    39                                  TRAINING SET          1.0000
   74   74   74    44                                  TRAINING SET          1.0000
   75   75   75    46                                  TRAINING SET          1.0000
   76   76   76    49                                  TRAINING SET          1.0000
   77   77   77    51                                  TRAINING SET          1.0000
   78   78   78    54                                  TRAINING SET          1.0000
   79   79   79    56                                  TRAINING SET          1.0000
   80   80   80    58                                  TRAINING SET          1.0000
   81   81   81    61                                  TRAINING SET          1.0000
   82   82   82    65                                  TRAINING SET          1.0000
   83   83   83    67                                  TRAINING SET          1.0000
   84   84   84    70                                  TRAINING SET          1.0000
   85   85   85    71                                  TRAINING SET          1.0000
   86   86   86    72                                  TRAINING SET          1.0000
   87   87   87    81                                  TRAINING SET          1.0000
   88   88   88    82                                  TRAINING SET          1.0000

This set of molecules fits in a grid box whose bottom left, top right cooordinates (no outgap) are at least:
[(-1.6581,-12.9285,3.2099), (14.6775,-0.7735,18.7175)]

END COMMAND #00.0001 - IMPORT SDF tool succeeded.
BGN COMMAND #00.0002 - ALIGN tool was invoked as follows:
> align type=random align_dir=thr/thr_align_random

The align_dir directory where input, output and log files will be put is:
"/home/ptosco/open3dalign_validation_suite_2014/thr/thr_align_random"

The align_scratch directory is:
/tmp/O3A.30985.align_scratch.fdkzGy


Elapsed time: 1.8162 seconds.

END COMMAND #00.0002 - ALIGN tool succeeded.
BGN COMMAND #00.0003 - ALIGN tool was invoked as follows:
> align type=mixed object_list=30 keep_best_template=y align_dir=thr/thr_align_mixed_single file=thr/thr_align_random/0001-0088_random.sdf

The objects which will be used as alignment templates are the following:
30

The align_dir directory where input, output and log files will be put is:
"/home/ptosco/open3dalign_validation_suite_2014/thr/thr_align_mixed_single"

The align_scratch directory is:
/tmp/O3A.30985.align_scratch.oT5O9G

Template      ID       Conformer           O3A_SCORE
----------------------------------------------------
      30      30               1            23410.50
----------------------------------------------------

Best template combination score:            23410.50


Elapsed time: 8.6464 seconds.

END COMMAND #00.0003 - ALIGN tool succeeded.
BGN COMMAND #00.0004 - ALIGN tool was invoked as follows:
> align type=atom object_list=30 keep_best_template=y align_dir=thr/thr_align_atom_single file=thr/thr_align_random/0001-0088_random.sdf

The objects which will be used as alignment templates are the following:
30

The align_dir directory where input, output and log files will be put is:
"/home/ptosco/open3dalign_validation_suite_2014/thr/thr_align_atom_single"

The align_scratch directory is:
/tmp/O3A.30985.align_scratch.BqYPr9

Template      ID       Conformer           O3A_SCORE
----------------------------------------------------
      30      30               1            23410.50
----------------------------------------------------

Best template combination score:            23410.50


Elapsed time: 2.1894 seconds.

END COMMAND #00.0004 - ALIGN tool succeeded.
BGN COMMAND #00.0005 - ALIGN tool was invoked as follows:
> align type=pharao object_list=30 keep_best_template=y align_dir=thr/thr_align_pharao_single file=thr/thr_align_random/0001-0088_random.sdf

The objects which will be used as alignment templates are the following:
30

The align_dir directory where input, output and log files will be put is:
"/home/ptosco/open3dalign_validation_suite_2014/thr/thr_align_pharao_single"

The align_scratch directory is:
/tmp/O3A.30985.align_scratch.8W6ZKG

Template      ID       Conformer     PHARAO_TANIMOTO
----------------------------------------------------
      30      30               1               46.97
----------------------------------------------------

Best template combination score:               46.97


Elapsed time: 6.2852 seconds.

END COMMAND #00.0005 - ALIGN tool succeeded.
BGN COMMAND #00.0006 - COMPARE tool was invoked as follows:
> compare type=block file=thr/thr_align_mixed_single/0001-0088_on_best_template.sdf aligned=thr/thr_align_mixed_single/0001-0088_on_best_template_aligned_on_original.sdf


Number of objects:   88

---------------------------------------------------------------------------------------------
    N    Reference name                      Name                                        RMSD
---------------------------------------------------------------------------------------------
    1    02                                  02                                        0.1405
    2    03                                  03                                        0.1222
    3    04                                  04                                        0.1065
    4    06                                  06                                        0.0574
    5    08                                  08                                        0.0991
    6    09                                  09                                        0.1141
    7    12                                  12                                        0.0946
    8    13                                  13                                        0.1169
    9    15                                  15                                        0.1188
   10    17                                  17                                        0.1189
   11    18                                  18                                        0.0954
   12    19                                  19                                        0.1196
   13    22                                  22                                        0.1214
   14    23                                  23                                        0.0648
   15    24                                  24                                        0.1024
   16    25                                  25                                        0.3056
   17    26                                  26                                        0.0521
   18    27                                  27                                        0.1397
   19    28                                  28                                        0.1853
   20    32                                  32                                        0.1899
   21    33                                  33                                        0.4059
   22    34                                  34                                        0.1245
   23    36                                  36                                        0.1019
   24    37                                  37                                        0.1217
   25    38                                  38                                        0.0973
   26    40                                  40                                        0.1336
   27    41                                  41                                        0.1941
   28    42                                  42                                        0.1402
   29    43                                  43                                        0.2337
   30    45                                  45                                        0.1138
   31    47                                  47                                        0.1402
   32    48                                  48                                        0.0550
   33    50                                  50                                        0.1114
   34    52                                  52                                        0.0767
   35    53                                  53                                        0.1268
   36    55                                  55                                        0.1133
   37    57                                  57                                        0.3465
   38    59                                  59                                        0.1467
   39    60                                  60                                        0.0777
   40    62                                  62                                        0.1475
   41    63                                  63                                        0.1002
   42    64                                  64                                        1.4202
   43    66                                  66                                        0.1508
   44    68                                  68                                        0.0779
   45    69                                  69                                        0.1070
   46    73                                  73                                        0.1239
   47    74                                  74                                        0.1032
   48    75                                  75                                        0.1203
   49    76                                  76                                        0.1388
   50    77                                  77                                        0.1055
   51    78                                  78                                        0.0828
   52    79                                  79                                        0.1383
   53    80                                  80                                        0.1133
   54    83                                  83                                        0.1359
   55    84                                  84                                        0.0737
   56    85                                  85                                        0.1397
   57    86                                  86                                        0.1266
   58    87                                  87                                        0.4102
   59    88                                  88                                        0.1061
   60    01                                  01                                        0.1572
   61    05                                  05                                        0.1351
   62    07                                  07                                        0.1258
   63    10                                  10                                        0.1006
   64    11                                  11                                        0.1224
   65    14                                  14                                        0.2655
   66    16                                  16                                        0.0579
   67    20                                  20                                        0.0997
   68    21                                  21                                        0.1178
   69    29                                  29                                        0.0911
   70    30                                  30                                        0.1472
   71    31                                  31                                        0.0942
   72    35                                  35                                        0.0696
   73    39                                  39                                        0.1927
   74    44                                  44                                        0.1077
   75    46                                  46                                        0.1036
   76    49                                  49                                        0.1201
   77    51                                  51                                        0.0834
   78    54                                  54                                        0.3489
   79    56                                  56                                        0.2363
   80    58                                  58                                        0.1390
   81    61                                  61                                        0.1139
   82    65                                  65                                        0.3276
   83    67                                  67                                        0.8069
   84    70                                  70                                        1.9238
   85    71                                  71                                        0.1920
   86    72                                  72                                        1.4462
   87    81                                  81                                        0.3349
   88    82                                  82                                        0.3334
---------------------------------------------------------------------------------------------
                                             Average                                   0.2005
---------------------------------------------------------------------------------------------

Elapsed time: 2.3135 seconds.

END COMMAND #00.0006 - COMPARE tool succeeded.
BGN COMMAND #00.0007 - COMPARE tool was invoked as follows:
> compare type=block file=thr/thr_align_atom_single/0001-0088_on_best_template.sdf aligned=thr/thr_align_atom_single/0001-0088_on_best_template_aligned_on_original.sdf


Number of objects:   88

---------------------------------------------------------------------------------------------
    N    Reference name                      Name                                        RMSD
---------------------------------------------------------------------------------------------
    1    02                                  02                                        0.1405
    2    03                                  03                                        0.1222
    3    04                                  04                                        0.1065
    4    06                                  06                                        0.0574
    5    08                                  08                                        0.0991
    6    09                                  09                                        0.1141
    7    12                                  12                                        0.0946
    8    13                                  13                                        0.1169
    9    15                                  15                                        0.1188
   10    17                                  17                                        0.1189
   11    18                                  18                                        0.0954
   12    19                                  19                                        0.1196
   13    22                                  22                                        0.1214
   14    23                                  23                                        0.0648
   15    24                                  24                                        0.1024
   16    25                                  25                                        0.3056
   17    26                                  26                                        0.0521
   18    27                                  27                                        0.1397
   19    28                                  28                                        0.1853
   20    32                                  32                                        0.1899
   21    33                                  33                                        0.4059
   22    34                                  34                                        0.1245
   23    36                                  36                                        0.1019
   24    37                                  37                                        0.1217
   25    38                                  38                                        0.0973
   26    40                                  40                                        0.1336
   27    41                                  41                                        0.1941
   28    42                                  42                                        0.1402
   29    43                                  43                                        0.2337
   30    45                                  45                                        0.1138
   31    47                                  47                                        0.1402
   32    48                                  48                                        0.0550
   33    50                                  50                                        0.1114
   34    52                                  52                                        0.0767
   35    53                                  53                                        0.1268
   36    55                                  55                                        0.1133
   37    57                                  57                                        0.3465
   38    59                                  59                                        0.1467
   39    60                                  60                                        0.0777
   40    62                                  62                                        0.1475
   41    63                                  63                                        0.1002
   42    64                                  64                                        1.4202
   43    66                                  66                                        0.1508
   44    68                                  68                                        0.0779
   45    69                                  69                                        0.1070
   46    73                                  73                                        0.1239
   47    74                                  74                                        0.1032
   48    75                                  75                                        0.1203
   49    76                                  76                                        0.1388
   50    77                                  77                                        0.1055
   51    78                                  78                                        0.0828
   52    79                                  79                                        0.1383
   53    80                                  80                                        0.1133
   54    83                                  83                                        0.1359
   55    84                                  84                                        0.0737
   56    85                                  85                                        0.1397
   57    86                                  86                                        0.1266
   58    87                                  87                                        0.4102
   59    88                                  88                                        0.1061
   60    01                                  01                                        0.1572
   61    05                                  05                                        0.1351
   62    07                                  07                                        0.1258
   63    10                                  10                                        0.1006
   64    11                                  11                                        0.1224
   65    14                                  14                                        0.2655
   66    16                                  16                                        0.0579
   67    20                                  20                                        0.0997
   68    21                                  21                                        0.1178
   69    29                                  29                                        0.0911
   70    30                                  30                                        0.1472
   71    31                                  31                                        0.0942
   72    35                                  35                                        0.0696
   73    39                                  39                                        0.1927
   74    44                                  44                                        0.1077
   75    46                                  46                                        0.1036
   76    49                                  49                                        0.1201
   77    51                                  51                                        0.0834
   78    54                                  54                                        0.3489
   79    56                                  56                                        0.2363
   80    58                                  58                                        0.1390
   81    61                                  61                                        0.1139
   82    65                                  65                                        0.3276
   83    67                                  67                                        0.8069
   84    70                                  70                                        1.9238
   85    71                                  71                                        0.1920
   86    72                                  72                                        1.4462
   87    81                                  81                                        0.3349
   88    82                                  82                                        0.3334
---------------------------------------------------------------------------------------------
                                             Average                                   0.2005
---------------------------------------------------------------------------------------------

Elapsed time: 2.3367 seconds.

END COMMAND #00.0007 - COMPARE tool succeeded.
BGN COMMAND #00.0008 - COMPARE tool was invoked as follows:
> compare type=block file=thr/thr_align_pharao_single/0001-0088_on_best_template.sdf aligned=thr/thr_align_pharao_single/0001-0088_on_best_template_aligned_on_original.sdf


Number of objects:   88

---------------------------------------------------------------------------------------------
    N    Reference name                      Name                                        RMSD
---------------------------------------------------------------------------------------------
    1    02                                  02                                        0.0839
    2    03                                  03                                        0.1373
    3    04                                  04                                        0.1206
    4    06                                  06                                        0.2200
    5    08                                  08                                        0.6163
    6    09                                  09                                        0.0936
    7    12                                  12                                        0.1736
    8    13                                  13                                        0.3048
    9    15                                  15                                        0.0932
   10    17                                  17                                        0.1628
   11    18                                  18                                        0.5446
   12    19                                  19                                        0.0877
   13    22                                  22                                        0.0924
   14    23                                  23                                        0.1825
   15    24                                  24                                        0.0567
   16    25                                  25                                        0.1766
   17    26                                  26                                        0.1326
   18    27                                  27                                        0.2450
   19    28                                  28                                        0.1670
   20    32                                  32                                        0.4376
   21    33                                  33                                        0.4849
   22    34                                  34                                        0.1090
   23    36                                  36                                        0.1907
   24    37                                  37                                        0.1043
   25    38                                  38                                        0.6069
   26    40                                  40                                        0.4577
   27    41                                  41                                        0.1303
   28    42                                  42                                        0.4550
   29    43                                  43                                        0.2610
   30    45                                  45                                        0.0698
   31    47                                  47                                        0.1182
   32    48                                  48                                        0.0877
   33    50                                  50                                        4.7564
   34    52                                  52                                        0.1906
   35    53                                  53                                        0.2432
   36    55                                  55                                        0.3843
   37    57                                  57                                        0.4637
   38    59                                  59                                        0.2866
   39    60                                  60                                        0.1867
   40    62                                  62                                        0.5433
   41    63                                  63                                        0.1747
   42    64                                  64                                        0.2197
   43    66                                  66                                        0.1300
   44    68                                  68                                        0.3267
   45    69                                  69                                        0.1184
   46    73                                  73                                        0.0935
   47    74                                  74                                        0.1858
   48    75                                  75                                        0.9264
   49    76                                  76                                        0.1429
   50    77                                  77                                        0.0811
   51    78                                  78                                        0.2482
   52    79                                  79                                        0.5270
   53    80                                  80                                        0.0622
   54    83                                  83                                        0.4144
   55    84                                  84                                        0.1739
   56    85                                  85                                        0.2315
   57    86                                  86                                        0.0976
   58    87                                  87                                        0.4068
   59    88                                  88                                        0.0627
   60    01                                  01                                        0.4201
   61    05                                  05                                        0.1360
   62    07                                  07                                        0.1570
   63    10                                  10                                        0.2224
   64    11                                  11                                        0.0948
   65    14                                  14                                        0.2458
   66    16                                  16                                        0.1343
   67    20                                  20                                        0.1339
   68    21                                  21                                        0.0975
   69    29                                  29                                        0.7318
   70    30                                  30                                        0.5943
   71    31                                  31                                        0.1968
   72    35                                  35                                        0.5054
   73    39                                  39                                        0.1397
   74    44                                  44                                        0.6446
   75    46                                  46                                        0.0607
   76    49                                  49                                        0.3804
   77    51                                  51                                        0.2355
   78    54                                  54                                        0.4769
   79    56                                  56                                        0.1056
   80    58                                  58                                        0.1238
   81    61                                  61                                        0.0954
   82    65                                  65                                        0.4547
   83    67                                  67                                        0.7482
   84    70                                  70                                        0.7814
   85    71                                  71                                        0.2441
   86    72                                  72                                        0.6400
   87    81                                  81                                        0.6257
   88    82                                  82                                        0.5010
---------------------------------------------------------------------------------------------
                                             Average                                   0.3274
---------------------------------------------------------------------------------------------

Elapsed time: 2.3008 seconds.

END COMMAND #00.0008 - COMPARE tool succeeded.


Job finished on Wed Jun 25 12:15:58 2014

Successful completion.
